// Jest Snapshot v1, https://goo.gl/fbAQLP

exports[`should not found page component render correctly 1`] = `
<div>
  <Connect(ExpenseList) />
</div>
`;
