// Jest Snapshot v1, https://goo.gl/fbAQLP

exports[`should render expense list correctly 1`] = `
<div>
  <h1>
    Expense List
  </h1>
  <Connect(ExpenseListFilters) />
  <Connect(ExpenseListItem)
    expense={
      {
        "amount": 500,
        "createdAt": -259200000,
        "description": "gas bill",
        "id": 1,
        "note": "a",
      }
    }
    key="0"
  />
  <Connect(ExpenseListItem)
    expense={
      {
        "amount": 300,
        "createdAt": 0,
        "description": "water bill",
        "id": 2,
        "note": "b",
      }
    }
    key="1"
  />
  <Connect(ExpenseListItem)
    expense={
      {
        "amount": 900,
        "createdAt": 259200000,
        "description": "internet bill",
        "id": 3,
        "note": "c",
      }
    }
    key="2"
  />
</div>
`;
