// Jest Snapshot v1, https://goo.gl/fbAQLP

exports[`should render expense list item correctly 1`] = `
<div>
  <Link
    to="/edit/2"
  >
    <h3>
      water bill
    </h3>
  </Link>
  <p>
    300
     - 
    0
  </p>
  <button
    onClick={[Function]}
  >
    Remove
  </button>
</div>
`;
